// Jest Snapshot v1, https://goo.gl/fbAQLP

exports[`test component mail renders spinner 1`] = `
Object {
  "asFragment": [Function],
  "baseElement": <body>
    <div>
      <div
        class="ant-spin-nested-loading css-dev-only-do-not-override-i0102m"
      >
        <div>
          <div
            aria-busy="true"
            aria-live="polite"
            class="ant-spin ant-spin-lg ant-spin-spinning ant-spin-show-text zagr css-dev-only-do-not-override-i0102m"
          >
            <span
              class="ant-spin-dot ant-spin-dot-spin"
            >
              <i
                class="ant-spin-dot-item"
              />
              <i
                class="ant-spin-dot-item"
              />
              <i
                class="ant-spin-dot-item"
              />
              <i
                class="ant-spin-dot-item"
              />
            </span>
            <div
              class="ant-spin-text"
            >
              Loading
            </div>
          </div>
        </div>
        <div
          class="ant-spin-container ant-spin-blur"
        >
          <div
            class="content"
            data-testid="z"
          />
        </div>
      </div>
    </div>
  </body>,
  "container": <div>
    <div
      class="ant-spin-nested-loading css-dev-only-do-not-override-i0102m"
    >
      <div>
        <div
          aria-busy="true"
          aria-live="polite"
          class="ant-spin ant-spin-lg ant-spin-spinning ant-spin-show-text zagr css-dev-only-do-not-override-i0102m"
        >
          <span
            class="ant-spin-dot ant-spin-dot-spin"
          >
            <i
              class="ant-spin-dot-item"
            />
            <i
              class="ant-spin-dot-item"
            />
            <i
              class="ant-spin-dot-item"
            />
            <i
              class="ant-spin-dot-item"
            />
          </span>
          <div
            class="ant-spin-text"
          >
            Loading
          </div>
        </div>
      </div>
      <div
        class="ant-spin-container ant-spin-blur"
      >
        <div
          class="content"
          data-testid="z"
        />
      </div>
    </div>
  </div>,
  "debug": [Function],
  "findAllByAltText": [Function],
  "findAllByDisplayValue": [Function],
  "findAllByLabelText": [Function],
  "findAllByPlaceholderText": [Function],
  "findAllByRole": [Function],
  "findAllByTestId": [Function],
  "findAllByText": [Function],
  "findAllByTitle": [Function],
  "findByAltText": [Function],
  "findByDisplayValue": [Function],
  "findByLabelText": [Function],
  "findByPlaceholderText": [Function],
  "findByRole": [Function],
  "findByTestId": [Function],
  "findByText": [Function],
  "findByTitle": [Function],
  "getAllByAltText": [Function],
  "getAllByDisplayValue": [Function],
  "getAllByLabelText": [Function],
  "getAllByPlaceholderText": [Function],
  "getAllByRole": [Function],
  "getAllByTestId": [Function],
  "getAllByText": [Function],
  "getAllByTitle": [Function],
  "getByAltText": [Function],
  "getByDisplayValue": [Function],
  "getByLabelText": [Function],
  "getByPlaceholderText": [Function],
  "getByRole": [Function],
  "getByTestId": [Function],
  "getByText": [Function],
  "getByTitle": [Function],
  "queryAllByAltText": [Function],
  "queryAllByDisplayValue": [Function],
  "queryAllByLabelText": [Function],
  "queryAllByPlaceholderText": [Function],
  "queryAllByRole": [Function],
  "queryAllByTestId": [Function],
  "queryAllByText": [Function],
  "queryAllByTitle": [Function],
  "queryByAltText": [Function],
  "queryByDisplayValue": [Function],
  "queryByLabelText": [Function],
  "queryByPlaceholderText": [Function],
  "queryByRole": [Function],
  "queryByTestId": [Function],
  "queryByText": [Function],
  "queryByTitle": [Function],
  "rerender": [Function],
  "unmount": [Function],
}
`;
